../Drivers/BSP/GH3220/Kernel_code/kernel/src/gh_demo_user.c:45:6:hal_gh3x2x_i2c_init	8	static
../Drivers/BSP/GH3220/Kernel_code/kernel/src/gh_demo_user.c:67:5:hal_gh3x2x_i2c_write	16	static
../Drivers/BSP/GH3220/Kernel_code/kernel/src/gh_demo_user.c:90:5:hal_gh3x2x_i2c_read	32	static
../Drivers/BSP/GH3220/Kernel_code/kernel/src/gh_demo_user.c:220:6:hal_gh3x2x_reset_pin_init	4	static
../Drivers/BSP/GH3220/Kernel_code/kernel/src/gh_demo_user.c:237:6:hal_gh3x2x_reset_pin_ctrl	16	static
../Drivers/BSP/GH3220/Kernel_code/kernel/src/gh_demo_user.c:259:6:hal_gh3x2x_int_init	8	static
../Drivers/BSP/GH3220/Kernel_code/kernel/src/gh_demo_user.c:277:6:hal_gh3x2x_int_handler_call_back	8	static
../Drivers/BSP/GH3220/Kernel_code/kernel/src/gh_demo_user.c:305:6:hal_gsensor_start_cache_data	8	static
../Drivers/BSP/GH3220/Kernel_code/kernel/src/gh_demo_user.c:325:6:hal_gsensor_stop_cache_data	4	static
../Drivers/BSP/GH3220/Kernel_code/kernel/src/gh_demo_user.c:330:6:hal_cap_start_cache_data	4	static
../Drivers/BSP/GH3220/Kernel_code/kernel/src/gh_demo_user.c:335:6:hal_cap_stop_cache_data	4	static
../Drivers/BSP/GH3220/Kernel_code/kernel/src/gh_demo_user.c:340:6:hal_temp_start_cache_data	4	static
../Drivers/BSP/GH3220/Kernel_code/kernel/src/gh_demo_user.c:345:6:hal_temp_stop_cache_data	4	static
../Drivers/BSP/GH3220/Kernel_code/kernel/src/gh_demo_user.c:350:6:hal_gh3x2x_write_cap_to_flash	24	static
../Drivers/BSP/GH3220/Kernel_code/kernel/src/gh_demo_user.c:354:6:hal_gh3x2x_read_cap_from_flash	24	static
../Drivers/BSP/GH3220/Kernel_code/kernel/src/gh_demo_user.c:372:6:hal_gsensor_drv_get_fifo_data	24	static
../Drivers/BSP/GH3220/Kernel_code/kernel/src/gh_demo_user.c:398:6:hal_cap_drv_get_fifo_data	16	static
../Drivers/BSP/GH3220/Kernel_code/kernel/src/gh_demo_user.c:407:6:hal_temp_drv_get_fifo_data	16	static
../Drivers/BSP/GH3220/Kernel_code/kernel/src/gh_demo_user.c:431:6:GH3X2X_PlatformLog	16	static
../Drivers/BSP/GH3220/Kernel_code/kernel/src/gh_demo_user.c:460:6:Gh3x2x_BspDelayUs	16	static
../Drivers/BSP/GH3220/Kernel_code/kernel/src/gh_demo_user.c:477:6:Gh3x2x_BspDelayMs	24	static
../Drivers/BSP/GH3220/Kernel_code/kernel/src/gh_demo_user.c:485:6:Gh3x2x_CreateMultiSensorTimer	16	static
../Drivers/BSP/GH3220/Kernel_code/kernel/src/gh_demo_user.c:502:6:Gh3x2x_StartMultiSensorTimer	4	static
../Drivers/BSP/GH3220/Kernel_code/kernel/src/gh_demo_user.c:520:6:Gh3x2x_StopMultiSensorTimer	4	static
../Drivers/BSP/GH3220/Kernel_code/kernel/src/gh_demo_user.c:526:6:Gh3x2x_DeleteMultiSensorTimer	4	static
../Drivers/BSP/GH3220/Kernel_code/kernel/src/gh_demo_user.c:552:6:Gh3x2x_UserHandleCurrentInfo	4	static
../Drivers/BSP/GH3220/Kernel_code/kernel/src/gh_demo_user.c:632:7:Gh3x2xMallocUser	16	static
../Drivers/BSP/GH3220/Kernel_code/kernel/src/gh_demo_user.c:648:6:Gh3x2xFreeUser	16	static
