../Drivers/BSP/GH3220/Kernel_code/module/gh_soft_adt/gh_multi_sen_pro.c:22:6:GhMultiSensorTimerInit	8	static
../Drivers/BSP/GH3220/Kernel_code/module/gh_soft_adt/gh_multi_sen_pro.c:27:6:GhMultiSensorTimerOpsRegister	16	static
../Drivers/BSP/GH3220/Kernel_code/module/gh_soft_adt/gh_multi_sen_pro.c:37:6:GhMultiSensorTimerOpsUnregister	8	static
../Drivers/BSP/GH3220/Kernel_code/module/gh_soft_adt/gh_multi_sen_pro.c:46:6:GhMultiSensorTimerStart	8	static
../Drivers/BSP/GH3220/Kernel_code/module/gh_soft_adt/gh_multi_sen_pro.c:54:6:GhMultiSensorTimerStop	8	static
../Drivers/BSP/GH3220/Kernel_code/module/gh_soft_adt/gh_multi_sen_pro.c:62:6:GhMultiSensorTimerUserRegister	16	static
../Drivers/BSP/GH3220/Kernel_code/module/gh_soft_adt/gh_multi_sen_pro.c:70:6:GhMultiSensorTimerUserUnregister	16	static
../Drivers/BSP/GH3220/Kernel_code/module/gh_soft_adt/gh_multi_sen_pro.c:78:6:GhMultiSensorTimerHandle	16	static
../Drivers/BSP/GH3220/Kernel_code/module/gh_soft_adt/gh_multi_sen_pro.c:109:13:GhMultSensorWearEventManagerGetCurTs	4	static
../Drivers/BSP/GH3220/Kernel_code/module/gh_soft_adt/gh_multi_sen_pro.c:116:13:GhMultSensorWearEventManagerUpdataCurTs	32	static
../Drivers/BSP/GH3220/Kernel_code/module/gh_soft_adt/gh_multi_sen_pro.c:121:13:GhMultSensorWearEventManagerTimerHandle	16	static
../Drivers/BSP/GH3220/Kernel_code/module/gh_soft_adt/gh_multi_sen_pro.c:129:6:GhMultSensorWearEventManagerInit	16	static
../Drivers/BSP/GH3220/Kernel_code/module/gh_soft_adt/gh_multi_sen_pro.c:143:6:GhMultSensorWearEventManagerHookRegister	16	static
../Drivers/BSP/GH3220/Kernel_code/module/gh_soft_adt/gh_multi_sen_pro.c:150:6:GhMultSensorWearEventManagerEnable	8	static
../Drivers/BSP/GH3220/Kernel_code/module/gh_soft_adt/gh_multi_sen_pro.c:158:6:GhMultSensorWearEventManagerDisable	8	static
../Drivers/BSP/GH3220/Kernel_code/module/gh_soft_adt/gh_multi_sen_pro.c:164:5:GhMultSensorWearEventManagerIsEnable	4	static
../Drivers/BSP/GH3220/Kernel_code/module/gh_soft_adt/gh_multi_sen_pro.c:172:13:GetNextEventPointer	16	static
../Drivers/BSP/GH3220/Kernel_code/module/gh_soft_adt/gh_multi_sen_pro.c:187:13:GetPreviousEventPointer	24	static
../Drivers/BSP/GH3220/Kernel_code/module/gh_soft_adt/gh_multi_sen_pro.c:212:13:GetTailEventPointer	16	static
../Drivers/BSP/GH3220/Kernel_code/module/gh_soft_adt/gh_multi_sen_pro.c:234:13:GetOldestAndNewestEvtInfo	40	static
../Drivers/BSP/GH3220/Kernel_code/module/gh_soft_adt/gh_multi_sen_pro.c:270:13:GhMultiSensorPrintAllEvt	16	static
../Drivers/BSP/GH3220/Kernel_code/module/gh_soft_adt/gh_multi_sen_pro.c:292:5:GhMultiSensorConditionCheckInWindow	72	static
../Drivers/BSP/GH3220/Kernel_code/module/gh_soft_adt/gh_multi_sen_pro.c:322:5:GhMultiSensorConditionCheckIsNew	48	static
../Drivers/BSP/GH3220/Kernel_code/module/gh_soft_adt/gh_multi_sen_pro.c:340:6:GhMultSensorWearEventSend	40	static
../Drivers/BSP/GH3220/Kernel_code/module/gh_soft_adt/gh_multi_sen_pro.c:408:6:GhGsMoveDetecterInit	8	static
../Drivers/BSP/GH3220/Kernel_code/module/gh_soft_adt/gh_multi_sen_pro.c:414:6:GhGsMoveDetecterEnable	8	static
../Drivers/BSP/GH3220/Kernel_code/module/gh_soft_adt/gh_multi_sen_pro.c:422:6:GhGsMoveDetecterDisable	8	static
../Drivers/BSP/GH3220/Kernel_code/module/gh_soft_adt/gh_multi_sen_pro.c:430:5:GhGsMoveDetecterIsEnable	4	static
../Drivers/BSP/GH3220/Kernel_code/module/gh_soft_adt/gh_multi_sen_pro.c:460:6:GH3X2X_MoveDetectByCapData	16	static
../Drivers/BSP/GH3220/Kernel_code/module/gh_soft_adt/gh_multi_sen_pro.c:485:6:GhMoveDetectByGsData	40	static
../Drivers/BSP/GH3220/Kernel_code/module/gh_soft_adt/gh_multi_sen_pro.c:598:5:Gh3x2x_GetMoveDetStatus	4	static
../Drivers/BSP/GH3220/Kernel_code/module/gh_soft_adt/gh_multi_sen_pro.c:609:6:GH3x2xWriteCapToFlash	4	static
../Drivers/BSP/GH3220/Kernel_code/module/gh_soft_adt/gh_multi_sen_pro.c:614:6:GH3x2xReadCapFromFlash	4	static
