../Drivers/BSP/GH3220/Kernel_code/kernel/src/gh_demo.c:990:6:Gh3x2xGetConfigVersion	24	static
../Drivers/BSP/GH3220/Kernel_code/kernel/src/gh_demo.c:1185:6:Gh3x2xDemoHardConfigReset	24	static
../Drivers/BSP/GH3220/Kernel_code/kernel/src/gh_demo.c:1272:8:GH3X2X_GetFirmwareVersion	4	static
../Drivers/BSP/GH3220/Kernel_code/kernel/src/gh_demo.c:1281:8:GH3X2X_GetDemoVersion	4	static
../Drivers/BSP/GH3220/Kernel_code/kernel/src/gh_demo.c:1310:6:Gh3x2x_NormalizeGsensorSensitivity	24	static
../Drivers/BSP/GH3220/Kernel_code/kernel/src/gh_demo.c:1322:6:Gh3x2xFunctionCtrlModuleInit	4	static
../Drivers/BSP/GH3220/Kernel_code/kernel/src/gh_demo.c:1374:6:Gh3x2xDemoFunctionChannelEnSet	24	static
../Drivers/BSP/GH3220/Kernel_code/kernel/src/gh_demo.c:1404:6:Gh3x2xDemoFunctionProcess	56	static
../Drivers/BSP/GH3220/Kernel_code/kernel/src/gh_demo.c:1483:5:Gh3x2xDemoInit	192	static
../Drivers/BSP/GH3220/Kernel_code/kernel/src/gh_demo.c:1670:6:Gh3x2xInterruptModeSwitch	16	static
../Drivers/BSP/GH3220/Kernel_code/kernel/src/gh_demo.c:1681:5:Gh3x2xGetInterruptMode	4	static
../Drivers/BSP/GH3220/Kernel_code/kernel/src/gh_demo.c:1698:6:Gh3x2xDemoInterruptProcess	48	static
../Drivers/BSP/GH3220/Kernel_code/kernel/src/gh_demo.c:2282:5:GH3x2xDemoSearchCfgListByFunc	32	static
../Drivers/BSP/GH3220/Kernel_code/kernel/src/gh_demo.c:2334:5:Gh3x2xDemoArrayCfgSwitch	24	static
../Drivers/BSP/GH3220/Kernel_code/kernel/src/gh_demo.c:2385:6:Gh3x2xSetCurrentSlotEnReg	72	static
../Drivers/BSP/GH3220/Kernel_code/kernel/src/gh_demo.c:2608:6:GH3x2xMaserControlFunctionLog	16	static
../Drivers/BSP/GH3220/Kernel_code/kernel/src/gh_demo.c:2633:6:Gh3x2xDemoSamplingControl	24	static
../Drivers/BSP/GH3220/Kernel_code/kernel/src/gh_demo.c:2863:6:Gh3x2xFunctionSlotBitInit	16	static
../Drivers/BSP/GH3220/Kernel_code/kernel/src/gh_demo.c:2874:6:Gh3x2xEnterCascadeMode	4	static
../Drivers/BSP/GH3220/Kernel_code/kernel/src/gh_demo.c:2904:6:Gh3x2xExitCascadeMode	4	static
../Drivers/BSP/GH3220/Kernel_code/kernel/src/gh_demo.c:2950:6:Gh3x2xDemoStartSamplingInner	40	static
../Drivers/BSP/GH3220/Kernel_code/kernel/src/gh_demo.c:3103:6:Gh3x2xDemoStartAlgoInner	16	static
../Drivers/BSP/GH3220/Kernel_code/kernel/src/gh_demo.c:3136:6:Gh3x2xDemoStartSampling	16	static
../Drivers/BSP/GH3220/Kernel_code/kernel/src/gh_demo.c:3205:6:Gh3x2xDemoStartSamplingWithCfgSwitch	16	static
../Drivers/BSP/GH3220/Kernel_code/kernel/src/gh_demo.c:3231:6:Gh3x2xDemoStartSamplingForEngineeringMode	24	static
../Drivers/BSP/GH3220/Kernel_code/kernel/src/gh_demo.c:3262:6:Gh3x2xDemoStopSamplingInner	16	static
../Drivers/BSP/GH3220/Kernel_code/kernel/src/gh_demo.c:3274:6:Gh3x2xDemoStopAlgoInner	16	static
../Drivers/BSP/GH3220/Kernel_code/kernel/src/gh_demo.c:3291:6:Gh3x2xDemoStopSampling	16	static
../Drivers/BSP/GH3220/Kernel_code/kernel/src/gh_demo.c:3377:6:Gh3x2xDemoStopSamplingForEngineeringMode	8	static
../Drivers/BSP/GH3220/Kernel_code/kernel/src/gh_demo.c:3425:6:Gh3x2xDemoMoveDetectTimerHandler	16	static
../Drivers/BSP/GH3220/Kernel_code/kernel/src/gh_demo.c:3454:6:Gh3x2xDemoSetFuncionFrequency	24	static
../Drivers/BSP/GH3220/Kernel_code/kernel/src/gh_demo.c:3507:6:Gh3x2xDemoSetFuncionLedCurrent	24	static
../Drivers/BSP/GH3220/Kernel_code/kernel/src/gh_demo.c:3525:6:GH3X2X_ReadElectrodeWearDumpData	8	static
../Drivers/BSP/GH3220/Kernel_code/kernel/src/gh_demo.c:3531:6:Gh3x2xSetFrameFlag2	16	static
../Drivers/BSP/GH3220/Kernel_code/kernel/src/gh_demo.c:3545:6:Gh3x2xIntPinTriggerModePro	8	static
../Drivers/BSP/GH3220/Kernel_code/kernel/src/gh_demo.c:3553:6:GH3x2xSlotTimeInfo	24	static
