../Drivers/BSP/GH3220/Kernel_code/module/gh_agc/gh_agc.c:130:13:GH3X2X_StoreRxTiaGainAfterAgc	16	static
../Drivers/BSP/GH3220/Kernel_code/module/gh_agc/gh_agc.c:135:13:GH3X2X_StoreDrvCurrentAfterAgc	16	static
../Drivers/BSP/GH3220/Kernel_code/module/gh_agc/gh_agc.c:147:13:Gh3x2xNewAgcSubChnlModuleReset	8	static
../Drivers/BSP/GH3220/Kernel_code/module/gh_agc/gh_agc.c:154:13:GH3x2xAgcModuleReset	8	static
../Drivers/BSP/GH3220/Kernel_code/module/gh_agc/gh_agc.c:163:12:GH3x2xAgcFindSubChnlSlotInfo	24	static
../Drivers/BSP/GH3220/Kernel_code/module/gh_agc/gh_agc.c:179:12:GH3x2xNewAgcSetNewSubChnl	24	static
../Drivers/BSP/GH3220/Kernel_code/module/gh_agc/gh_agc.c:211:12:GH3x2xGetDrvCurrent	24	static
../Drivers/BSP/GH3220/Kernel_code/module/gh_agc/gh_agc.c:240:6:GH3X2X_GetRegBitField	24	static
../Drivers/BSP/GH3220/Kernel_code/module/gh_agc/gh_agc.c:250:6:GH3x2xAgcRegParse	32	static
../Drivers/BSP/GH3220/Kernel_code/module/gh_agc/gh_agc.c:340:6:GH3x2xAgcRegvalReset	24	static
../Drivers/BSP/GH3220/Kernel_code/module/gh_agc/gh_agc.c:369:6:GH3x2xAgcRegvalGet	128	static
../Drivers/BSP/GH3220/Kernel_code/module/gh_agc/gh_agc.c:440:13:GH3x2xAgcChnlInfoInit	48	static
../Drivers/BSP/GH3220/Kernel_code/module/gh_agc/gh_agc.c:627:13:GH3x2xAgcInfoUpdate	40	static
../Drivers/BSP/GH3220/Kernel_code/module/gh_agc/gh_agc.c:656:13:GH32x2xMedSel	24	static
../Drivers/BSP/GH3220/Kernel_code/module/gh_agc/gh_agc.c:677:13:GH3X2X_AgcGetThreshold	24	static
../Drivers/BSP/GH3220/Kernel_code/module/gh_agc/gh_agc.c:690:13:GH3X2X_AgcGetExtremum	24	static
../Drivers/BSP/GH3220/Kernel_code/module/gh_agc/gh_agc.c:702:13:GH3X2X_AgcSetSatFlag	32	static
../Drivers/BSP/GH3220/Kernel_code/module/gh_agc/gh_agc.c:725:13:GH3X2X_AgcSubChnlGainAdj	80	static
../Drivers/BSP/GH3220/Kernel_code/module/gh_agc/gh_agc.c:798:13:GH3x2xAgcRawdata2Ipd	40	static
../Drivers/BSP/GH3220/Kernel_code/module/gh_agc/gh_agc.c:835:13:GH3x2xAgcMainChnlKeyValueCal	120	static
../Drivers/BSP/GH3220/Kernel_code/module/gh_agc/gh_agc.c:1014:13:GH3x2xAgcCalDrvCurrent	24	static
../Drivers/BSP/GH3220/Kernel_code/module/gh_agc/gh_agc.c:1045:13:GH3x2xAgcCalExtremum	32	static
../Drivers/BSP/GH3220/Kernel_code/module/gh_agc/gh_agc.c:1077:13:GH3x2x_AgcAdjustGainByExtremum	48	static
../Drivers/BSP/GH3220/Kernel_code/module/gh_agc/gh_agc.c:1134:12:GH3x2xAgcCalDrvCurrentAndGain	104	static
../Drivers/BSP/GH3220/Kernel_code/module/gh_agc/gh_agc.c:1290:13:GH3x2xAgcSubChnlAdjGainAndClearCnt	64	static
../Drivers/BSP/GH3220/Kernel_code/module/gh_agc/gh_agc.c:1337:13:GH3x2xAgcMainChnlPro	80	static
../Drivers/BSP/GH3220/Kernel_code/module/gh_agc/gh_agc.c:1400:6:GH3x2xAgcMeanInfoReset	32	static
../Drivers/BSP/GH3220/Kernel_code/module/gh_agc/gh_agc.c:1455:6:GH3X2X_LedAgcProcess	24	static
../Drivers/BSP/GH3220/Kernel_code/module/gh_agc/gh_agc.c:1481:7:GH3X2X_LedAgcReset	8	static
../Drivers/BSP/GH3220/Kernel_code/module/gh_agc/gh_agc.c:1500:6:GH3X2X_LedAgcPramWrite	24	static
../Drivers/BSP/GH3220/Kernel_code/module/gh_agc/gh_agc.c:1528:7:GH3X2X_LedAgcInit	16	static
../Drivers/BSP/GH3220/Kernel_code/module/gh_agc/gh_agc.c:1546:7:GH3X2X_AgcParaUpdate	16	static
../Drivers/BSP/GH3220/Kernel_code/module/gh_agc/gh_agc.c:1552:7:GH3X2X_GetSoftAgcVersion	4	static
