../Middlewares/LVGL/GUI/lvgl/src/hal/../draw/../misc/lv_color.h:592:26:lv_color_t lv_color_make(uint8_t, uint8_t, uint8_t)	16	static
../Middlewares/LVGL/GUI/lvgl/src/hal/../draw/../misc/lv_color.h:697:26:lv_color_t lv_color_black()	8	static
../Middlewares/LVGL/GUI/lvgl/src/core/lv_obj_style.h:92:20:void lv_obj_remove_style_all(_lv_obj_t*)	16	static
../Middlewares/LVGL/GUI/lvgl/src/core/lv_disp.h:162:26:lv_obj_t* lv_scr_act()	8	static
../Core/USER/APP/Pages/inc/PageManager.h:113:10:void PageManager::SetRootDefaultStyle(lv_style_t*)	16	static
../Core/USER/APP/src/APP.cpp:20:40:void __tcf_0()	8	static
../Core/USER/APP/src/APP.cpp:17:6:void App_Init()	24	static
../Core/USER/APP/src/APP.cpp:89:6:void App_Uninit()	4	static
