../Drivers/BSP/GH3220/Kernel_code/driver/src/gh_drv_control.c:143:6:GH3X2X_RegisterHookFunc	24	static
../Drivers/BSP/GH3220/Kernel_code/driver/src/gh_drv_control.c:179:5:GH3X2X_ExitLowPowerMode	16	static
../Drivers/BSP/GH3220/Kernel_code/driver/src/gh_drv_control.c:201:5:GH3X2X_EnterLowPowerMode	16	static
../Drivers/BSP/GH3220/Kernel_code/driver/src/gh_drv_control.c:224:5:GH3X2X_SoftReset	16	static
../Drivers/BSP/GH3220/Kernel_code/driver/src/gh_drv_control.c:243:6:GH3X2X_SoftResetSlaveChip	4	static
../Drivers/BSP/GH3220/Kernel_code/driver/src/gh_drv_control.c:299:5:GH3X2X_DumpRegs	32	static
../Drivers/BSP/GH3220/Kernel_code/driver/src/gh_drv_control.c:343:5:GH3X2X_CommunicateConfirm	16	static
../Drivers/BSP/GH3220/Kernel_code/driver/src/gh_drv_control.c:386:6:Gh3x2x_CHECK_0x0088_Ex	8	static
../Drivers/BSP/GH3220/Kernel_code/driver/src/gh_drv_control.c:392:6:GH3X2X_LoadSlaveCfgForCascadeMode	4	static
../Drivers/BSP/GH3220/Kernel_code/driver/src/gh_drv_control.c:468:6:GH3X2X_SensorPramInit	4	static
../Drivers/BSP/GH3220/Kernel_code/driver/src/gh_drv_control.c:475:6:GH3X2X_DrvControlInit	4	static
../Drivers/BSP/GH3220/Kernel_code/driver/src/gh_drv_control.c:488:6:GH3X2X_FifoControlInit	4	static
../Drivers/BSP/GH3220/Kernel_code/driver/src/gh_drv_control.c:496:6:GH3X2X_ProtocolFlagInit	4	static
../Drivers/BSP/GH3220/Kernel_code/driver/src/gh_drv_control.c:501:6:GH3X2XDrvConfigInit	8	static
../Drivers/BSP/GH3220/Kernel_code/driver/src/gh_drv_control.c:527:5:GH3X2X_Init	192	static
../Drivers/BSP/GH3220/Kernel_code/driver/src/gh_drv_control.c:607:5:GH3X2X_StartSampling	16	static
../Drivers/BSP/GH3220/Kernel_code/driver/src/gh_drv_control.c:655:6:GH3X2X_StartSamplingSlaveChip	4	static
../Drivers/BSP/GH3220/Kernel_code/driver/src/gh_drv_control.c:656:6:GH3X2X_StopSamplingSlaveChip	4	static
../Drivers/BSP/GH3220/Kernel_code/driver/src/gh_drv_control.c:713:5:GH3X2X_StopSampling	16	static
../Drivers/BSP/GH3220/Kernel_code/driver/src/gh_drv_control.c:753:6:GH3X2X_GetIrqStatus	16	static
../Drivers/BSP/GH3220/Kernel_code/driver/src/gh_drv_control.c:780:6:GH3X2X_UnpackRawdataPackage	32	static
../Drivers/BSP/GH3220/Kernel_code/driver/src/gh_drv_control.c:842:6:GH3X2X_GetRawdata	24	static
../Drivers/BSP/GH3220/Kernel_code/driver/src/gh_drv_control.c:906:5:GH3X2X_GetFifoPackageMode	4	static
../Drivers/BSP/GH3220/Kernel_code/driver/src/gh_drv_control.c:910:6:GH3X2X_SendRawdataFifoPackage	16	static
../Drivers/BSP/GH3220/Kernel_code/driver/src/gh_drv_control.c:1005:6:GH3X2X_FindGu16MinVal	24	static
../Drivers/BSP/GH3220/Kernel_code/driver/src/gh_drv_control.c:1033:6:GH3X2X_FindGu16MaxVal	24	static
../Drivers/BSP/GH3220/Kernel_code/driver/src/gh_drv_control.c:1062:6:GH3X2X_FindGu16MaxMinVal	32	static
../Drivers/BSP/GH3220/Kernel_code/driver/src/gh_drv_control.c:1102:5:GH3X2X_UnpackRawdataWithChannelMap	104	static
../Drivers/BSP/GH3220/Kernel_code/driver/src/gh_drv_control.c:1262:6:GH3X2X_GetRawdataWithChannelMap	40	static
../Drivers/BSP/GH3220/Kernel_code/driver/src/gh_drv_control.c:1326:5:GH3X2X_ChannelMapRawdataClear	24	static
../Drivers/BSP/GH3220/Kernel_code/driver/src/gh_drv_control.c:1359:5:GH3X2X_SlotEnableConfig	24	static
../Drivers/BSP/GH3220/Kernel_code/driver/src/gh_drv_control.c:1406:6:GH3X2X_SlotEnRegSet	16	static
../Drivers/BSP/GH3220/Kernel_code/driver/src/gh_drv_control.c:1413:6:GH3X2X_EcgCascadeSlotEnRegSet	24	static
../Drivers/BSP/GH3220/Kernel_code/driver/src/gh_drv_control.c:1454:5:GH3X2X_FifoWatermarkThrConfig	24	static
../Drivers/BSP/GH3220/Kernel_code/driver/src/gh_drv_control.c:1487:6:GH3X2X_GetFifoWatermarkThr	16	static
../Drivers/BSP/GH3220/Kernel_code/driver/src/gh_drv_control.c:1513:5:GH3X2X_SlotLedCurrentConfig	24	static
../Drivers/BSP/GH3220/Kernel_code/driver/src/gh_drv_control.c:1558:5:GH3X2X_GetSlotLedCurrent	24	static
../Drivers/BSP/GH3220/Kernel_code/driver/src/gh_drv_control.c:1601:5:GH3X2X_SlotLedTiaGainConfig	24	static
../Drivers/BSP/GH3220/Kernel_code/driver/src/gh_drv_control.c:1651:5:GH3X2X_GetSlotLedTiaGain	24	static
../Drivers/BSP/GH3220/Kernel_code/driver/src/gh_drv_control.c:1692:5:GH3X2X_AdcBgcThrConfig	24	static
../Drivers/BSP/GH3220/Kernel_code/driver/src/gh_drv_control.c:1735:5:GH3X2X_GetAdcBgcThr	24	static
../Drivers/BSP/GH3220/Kernel_code/driver/src/gh_drv_control.c:1769:5:GH3X2X_IrqWidthConfig	24	static
../Drivers/BSP/GH3220/Kernel_code/driver/src/gh_drv_control.c:1804:5:GH3X2X_IrqModeConfig	24	static
../Drivers/BSP/GH3220/Kernel_code/driver/src/gh_drv_control.c:1829:6:GH3X2X_RegisterResetPinControlFunc	16	static
../Drivers/BSP/GH3220/Kernel_code/driver/src/gh_drv_control.c:1849:5:GH3X2X_HardReset	16	static
../Drivers/BSP/GH3220/Kernel_code/driver/src/gh_drv_control.c:1885:6:GH3X2X_WearDetectEnable	24	static
../Drivers/BSP/GH3220/Kernel_code/driver/src/gh_drv_control.c:1917:6:GH3X2X_ResetHardAdt	8	static
../Drivers/BSP/GH3220/Kernel_code/driver/src/gh_drv_control.c:1944:5:GH3X2X_WearDetectSwitchTo	24	static
../Drivers/BSP/GH3220/Kernel_code/driver/src/gh_drv_control.c:2040:23:GH3X2X_GetSkinStatus	16	static
../Drivers/BSP/GH3220/Kernel_code/driver/src/gh_drv_control.c:2064:5:GH3X2X_HsiClockCalibration	16	static
../Drivers/BSP/GH3220/Kernel_code/driver/src/gh_drv_control.c:2101:5:GH3X2X_LsiClockCalibration	24	static
../Drivers/BSP/GH3220/Kernel_code/driver/src/gh_drv_control.c:2184:6:GH3X2X_RegisterReadPinStatusFunc	24	static
../Drivers/BSP/GH3220/Kernel_code/driver/src/gh_drv_control.c:2208:8:GH3X2X_GetDriverLibVersion	4	static
../Drivers/BSP/GH3220/Kernel_code/driver/src/gh_drv_control.c:2225:6:GH3X2X_SetMaxNumWhenReadFifo	16	static
../Drivers/BSP/GH3220/Kernel_code/driver/src/gh_drv_control.c:2245:6:GH3X2X_GetCurrentFifoWaterLine	4	static
../Drivers/BSP/GH3220/Kernel_code/driver/src/gh_drv_control.c:2265:7:GH3x2x_GetLedCurrentFullScal	16	static
../Drivers/BSP/GH3220/Kernel_code/driver/src/gh_drv_control.c:2273:6:GH3x2x_DisableHardwareAgc	16	static
../Drivers/BSP/GH3220/Kernel_code/driver/src/gh_drv_control.c:2281:6:GH3x2x_GetBgLevel	24	static
../Drivers/BSP/GH3220/Kernel_code/driver/src/gh_drv_control.c:2289:6:GH3x2x_GetBgCancel	24	static
../Drivers/BSP/GH3220/Kernel_code/driver/src/gh_drv_control.c:2297:6:GH3x2x_SetIntTime	16	static
../Drivers/BSP/GH3220/Kernel_code/driver/src/gh_drv_control.c:2302:6:GH3x2x_SetSlotTime	16	static
../Drivers/BSP/GH3220/Kernel_code/driver/src/gh_drv_control.c:2307:6:GH3x2x_SetSlotSampleRate	24	static
../Drivers/BSP/GH3220/Kernel_code/driver/src/gh_drv_control.c:2329:6:GH3x2x_CalSlotTime	24	static
../Drivers/BSP/GH3220/Kernel_code/driver/src/gh_drv_control.c:2351:6:GH3X2X_SetDrvEcode	16	static
../Drivers/BSP/GH3220/Kernel_code/driver/src/gh_drv_control.c:2357:6:GH3X2X_SetLedDrvCurrentByEcode	24	static
../Drivers/BSP/GH3220/Kernel_code/driver/src/gh_drv_control.c:2364:6:GH3X2X_SetConfigDrvEcode	16	static
../Drivers/BSP/GH3220/Kernel_code/driver/src/gh_drv_control.c:2455:6:GH3x2x_ChangeSampleParmForEngineeringMode	72	static
../Drivers/BSP/GH3220/Kernel_code/driver/src/gh_drv_control.c:2589:5:GH3x2x_GetActiveChipResetFlag	4	static
../Drivers/BSP/GH3220/Kernel_code/driver/src/gh_drv_control.c:2606:5:GH3x2x_GetChipResetRecoveringFlag	4	static
../Drivers/BSP/GH3220/Kernel_code/driver/src/gh_drv_control.c:2623:6:GH3x2x_SetChipResetRecoveringFlag	16	static
../Drivers/BSP/GH3220/Kernel_code/driver/src/gh_drv_control.c:2628:6:GH3x2xCreatTagArray	56	static
../Drivers/BSP/GH3220/Kernel_code/driver/src/gh_drv_control.c:2649:6:GH3x2xGetFrameNum	72	static
../Drivers/BSP/GH3220/Kernel_code/driver/src/gh_drv_control.c:2683:7:GH3x2xCalGsensorStep	24	static
../Drivers/BSP/GH3220/Kernel_code/driver/src/gh_drv_control.c:2695:6:GH3x2xSendAllVersion	448	static
../Drivers/BSP/GH3220/Kernel_code/driver/src/gh_drv_control.c:2724:5:Gh3x2xFunctionID2Offset	24	static
../Drivers/BSP/GH3220/Kernel_code/driver/src/gh_drv_control.c:2736:6:Gh3x2xFunctionInfoForUserInit	16	static
../Drivers/BSP/GH3220/Kernel_code/driver/src/gh_drv_control.c:2748:6:GH3x2xHandleFrameData	72	static
../Drivers/BSP/GH3220/Kernel_code/driver/src/gh_drv_control.c:2871:6:GH3x2xGetFrameDataAndProcess	136	static
../Drivers/BSP/GH3220/Kernel_code/driver/src/gh_drv_control.c:2962:6:GH3x2xFunctionProcess	64	static
../Drivers/BSP/GH3220/Kernel_code/driver/src/gh_drv_control.c:2997:6:GH3X2X_ZipmodeInit	4	static
../Drivers/BSP/GH3220/Kernel_code/driver/src/gh_drv_control.c:3002:5:GH3X2X_FunctionStart	24	static
../Drivers/BSP/GH3220/Kernel_code/driver/src/gh_drv_control.c:3084:5:GH3X2X_FunctionStop	24	static
../Drivers/BSP/GH3220/Kernel_code/driver/src/gh_drv_control.c:3119:6:GH3X2X_GetFuncStartedBitmap	4	static
../Drivers/BSP/GH3220/Kernel_code/driver/src/gh_drv_control.c:3124:6:GH3x2xGetFunctionChnlMap	16	static
../Drivers/BSP/GH3220/Kernel_code/driver/src/gh_drv_control.c:3136:6:GH3x2xSetFunctionChnlNum	24	static
../Drivers/BSP/GH3220/Kernel_code/driver/src/gh_drv_control.c:3155:6:GH3x2xSetFunctionChnlMap	16	static
../Drivers/BSP/GH3220/Kernel_code/driver/src/gh_drv_control.c:3170:6:GH3x2xCalFunctionSlotBit	24	static
../Drivers/BSP/GH3220/Kernel_code/driver/src/gh_drv_control.c:3199:6:GH3X2X_GetSoftEvent	4	static
../Drivers/BSP/GH3220/Kernel_code/driver/src/gh_drv_control.c:3211:6:GH3X2X_SetSoftEvent	16	static
../Drivers/BSP/GH3220/Kernel_code/driver/src/gh_drv_control.c:3223:6:GH3X2X_ClearSoftEvent	16	static
../Drivers/BSP/GH3220/Kernel_code/driver/src/gh_drv_control.c:3240:5:GH3X2X_GetGsensorEnableFlag	4	static
../Drivers/BSP/GH3220/Kernel_code/driver/src/gh_drv_control.c:3246:5:GH3X2X_GetCapEnableFlag	4	static
../Drivers/BSP/GH3220/Kernel_code/driver/src/gh_drv_control.c:3258:5:GH3X2X_GetTempEnableFlag	4	static
../Drivers/BSP/GH3220/Kernel_code/driver/src/gh_drv_control.c:3269:6:Gh3x2xFunctionInit	16	static
../Drivers/BSP/GH3220/Kernel_code/driver/src/gh_drv_control.c:3295:6:GH3X2X_ReinitAllSwModuleParam	16	static
../Drivers/BSP/GH3220/Kernel_code/driver/src/gh_drv_control.c:3340:7:GH3X2X_Memcpy	40	static
../Drivers/BSP/GH3220/Kernel_code/driver/src/gh_drv_control.c:3383:7:GH3X2X_Memset	40	static
../Drivers/BSP/GH3220/Kernel_code/driver/src/gh_drv_control.c:3423:6:GH3X2X_Strlen	24	static
../Drivers/BSP/GH3220/Kernel_code/driver/src/gh_drv_control.c:3437:5:GH3X2X_GetAlgoEnableFlag	4	static
../Drivers/BSP/GH3220/Kernel_code/driver/src/gh_drv_control.c:3442:6:GH3X2X_SetAlgoEnableFlag	16	static
../Drivers/BSP/GH3220/Kernel_code/driver/src/gh_drv_control.c:3447:5:GH3X2X_GetSingleChipModeEnableFlag	4	static
../Drivers/BSP/GH3220/Kernel_code/driver/src/gh_drv_control.c:3452:6:GH3X2X_SetSingleChipModeEnableFlag	16	static
../Drivers/BSP/GH3220/Kernel_code/driver/src/gh_drv_control.c:3470:6:GH3X2X_ModifyFunctionFrequency	24	static
../Drivers/BSP/GH3220/Kernel_code/driver/src/gh_drv_control.c:3501:6:GH3X2X_ModifyFunctionLedCurrent	32	static
../Drivers/BSP/GH3220/Kernel_code/driver/src/gh_drv_control.c:3536:6:GH3X2X_GetConfigFuncMode	4	static
../Drivers/BSP/GH3220/Kernel_code/driver/src/gh_drv_control.c:3541:6:GH3X2X_SetConfigFuncMode	16	static
../Drivers/BSP/GH3220/Kernel_code/driver/src/gh_drv_control.c:3546:6:Gh3x2xFifoRecovery	16	static
../Drivers/BSP/GH3220/Kernel_code/driver/src/gh_drv_control.c:3556:6:Gh3x2xModifiyDecimation	24	static
../Drivers/BSP/GH3220/Kernel_code/driver/src/gh_drv_control.c:3575:6:Gh3x2xGetChnlOutputEn	16	static
../Drivers/BSP/GH3220/Kernel_code/driver/src/gh_drv_control.c:3602:6:Gh3x2xGetSlotSampleRateFactor	24	static
../Drivers/BSP/GH3220/Kernel_code/driver/src/gh_drv_control.c:3614:5:Gh3x2xGetDecimationEn	16	static
../Drivers/BSP/GH3220/Kernel_code/driver/src/gh_drv_control.c:3665:6:Gh3x2xGetDividerOfChnl	24	static
../Drivers/BSP/GH3220/Kernel_code/driver/src/gh_drv_control.c:3687:5:Gh3x2xGetLowestChnl	24	static
../Drivers/BSP/GH3220/Kernel_code/driver/src/gh_drv_control.c:3724:6:Gh3x2xGetTargetChnlSampleRateRadio	24	static
../Drivers/BSP/GH3220/Kernel_code/driver/src/gh_drv_control.c:3752:6:Gh3x2xFifoMonitorInit	40	static
../Drivers/BSP/GH3220/Kernel_code/driver/src/gh_drv_control.c:3832:6:Gh3x2xFifoMonitorRecovery	16	static
../Drivers/BSP/GH3220/Kernel_code/driver/src/gh_drv_control.c:3844:6:Gh3x2xFifoMonitorPro	40	static
