../Core/Src/freertos.c:44:6:init_crc_table	24	static
../Core/Src/freertos.c:61:10:calculate_crc32	24	static
../Core/Src/freertos.c:79:6:verify_crc32_with_expected	192	static
../Core/Src/freertos.c:98:6:verify_crc32	32	static
../Core/Src/freertos.c:112:10:calculateCRC32	16	static
../Core/Src/freertos.c:117:6:test_crc_algorithm	128	static
../Core/Src/freertos.c:149:10:decompressData	200	static
../Core/Src/freertos.c:381:6:vApplicationTickHook	8	static
../Core/Src/freertos.c:398:6:MX_FREERTOS_Init	8	static
../Core/Src/freertos.c:449:6:StartTaskMain	24	static
../Core/Src/freertos.c:497:6:StartGPSTask	24	static
../Core/Src/freertos.c:531:6:StartTaskHR	16	static
../Core/Src/freertos.c:551:6:StartBLEKMLTask	4512	static
