../Middlewares/LVGL/GUI/lvgl/src/extra/libs/fsdrv/lv_fs_fatfs.c:53:6:lv_fs_fatfs_init	8	static
../Middlewares/LVGL/GUI/lvgl/src/extra/libs/fsdrv/lv_fs_fatfs.c:91:13:fs_init	4	static
../Middlewares/LVGL/GUI/lvgl/src/extra/libs/fsdrv/lv_fs_fatfs.c:104:15:fs_open	40	static
../Middlewares/LVGL/GUI/lvgl/src/extra/libs/fsdrv/lv_fs_fatfs.c:133:20:fs_close	16	static
../Middlewares/LVGL/GUI/lvgl/src/extra/libs/fsdrv/lv_fs_fatfs.c:151:20:fs_read	32	static
../Middlewares/LVGL/GUI/lvgl/src/extra/libs/fsdrv/lv_fs_fatfs.c:168:20:fs_write	32	static
../Middlewares/LVGL/GUI/lvgl/src/extra/libs/fsdrv/lv_fs_fatfs.c:185:20:fs_seek	24	static
../Middlewares/LVGL/GUI/lvgl/src/extra/libs/fsdrv/lv_fs_fatfs.c:212:20:fs_tell	24	static
../Middlewares/LVGL/GUI/lvgl/src/extra/libs/fsdrv/lv_fs_fatfs.c:225:15:fs_dir_open	24	static
../Middlewares/LVGL/GUI/lvgl/src/extra/libs/fsdrv/lv_fs_fatfs.c:247:20:fs_dir_read	312	static
../Middlewares/LVGL/GUI/lvgl/src/extra/libs/fsdrv/lv_fs_fatfs.c:275:20:fs_dir_close	16	static
