../Drivers/BSP/GH3220/Algo_code/goodix_algo_application/src/gh3x2x_demo_algo_config.c:120:6:GH3x2x_Round	24	static
../Drivers/BSP/GH3220/Algo_code/goodix_algo_application/src/gh3x2x_demo_algo_config.c:139:5:GH3x2x_BitCount	24	static
../Drivers/BSP/GH3220/Algo_code/goodix_algo_application/src/gh3x2x_demo_algo_config.c:151:6:GH3x2xSleepFlagSet	16	static
../Drivers/BSP/GH3220/Algo_code/goodix_algo_application/src/gh3x2x_demo_algo_config.c:157:5:GH3x2xSleepFlagGet	4	static
../Drivers/BSP/GH3220/Algo_code/goodix_algo_application/src/gh3x2x_demo_algo_config.c:162:6:GH3X2X_AlgoSensorEnable	16	static
../Drivers/BSP/GH3220/Algo_code/goodix_algo_application/src/gh3x2x_demo_algo_config.c:186:5:GH3X2X_BTAlgorithmRTConfig	16	static
../Drivers/BSP/GH3220/Algo_code/goodix_algo_application/src/gh3x2x_demo_algo_config.c:213:6:GH3X2X_SetNewDataFlag	16	static
../Drivers/BSP/GH3220/Algo_code/goodix_algo_application/src/gh3x2x_demo_algo_config.c:241:5:GH3X2X_HbAlgorithmScenarioConfig	24	static
../Drivers/BSP/GH3220/Algo_code/goodix_algo_application/src/gh3x2x_demo_algo_config.c:282:5:GH3X2X_HbAlgorithmOutputTimeConfig	16	static
../Drivers/BSP/GH3220/Algo_code/goodix_algo_application/src/gh3x2x_demo_algo_config.c:299:6:GH3X2X_ReadSpo2CorrectionFactor	16	static
../Drivers/BSP/GH3220/Algo_code/goodix_algo_application/src/gh3x2x_demo_algo_config.c:346:6:GH3X2X_AlgoChnlMapInit	24	static
../Drivers/BSP/GH3220/Algo_code/goodix_algo_application/src/gh3x2x_demo_algo_config.c:367:6:GH3X2X_HbaAlgoChnlMapDefultSet	16	static
../Drivers/BSP/GH3220/Algo_code/goodix_algo_application/src/gh3x2x_demo_algo_config.c:393:6:GH3X2X_HrvAlgoChnlMapDefultSet	4	static
../Drivers/BSP/GH3220/Algo_code/goodix_algo_application/src/gh3x2x_demo_algo_config.c:416:6:GH3X2X_Spo2AlgoChnlMapDefultSet	8	static
../Drivers/BSP/GH3220/Algo_code/goodix_algo_application/src/gh3x2x_demo_algo_config.c:429:6:GH3X2X_BpAlgoChnlMapDefultSet	4	static
../Drivers/BSP/GH3220/Algo_code/goodix_algo_application/src/gh3x2x_demo_algo_config.c:443:6:GH3X2X_WriteAlgParametersWithVirtualReg	32	static
../Drivers/BSP/GH3220/Algo_code/goodix_algo_application/src/gh3x2x_demo_algo_config.c:464:6:GH3X2X_WriteAlgChnlMapWithVirtualReg	32	static
../Drivers/BSP/GH3220/Algo_code/goodix_algo_application/src/gh3x2x_demo_algo_config.c:488:6:GH3X2X_WriteHrAlgConfigWithVirtualReg	16	static
../Drivers/BSP/GH3220/Algo_code/goodix_algo_application/src/gh3x2x_demo_algo_config.c:512:6:GH3X2X_WriteHrvAlgConfigWithVirtualReg	24	static
../Drivers/BSP/GH3220/Algo_code/goodix_algo_application/src/gh3x2x_demo_algo_config.c:519:6:GH3X2X_WriteSpo2AlgConfigWithVirtualReg	16	static
../Drivers/BSP/GH3220/Algo_code/goodix_algo_application/src/gh3x2x_demo_algo_config.c:534:6:GH3X2X_WriteEcgAlgConfigWithVirtualReg	16	static
../Drivers/BSP/GH3220/Algo_code/goodix_algo_application/src/gh3x2x_demo_algo_config.c:541:6:GH3X2X_WriteBtAlgConfigWithVirtualReg	16	static
../Drivers/BSP/GH3220/Algo_code/goodix_algo_application/src/gh3x2x_demo_algo_config.c:548:6:GH3X2X_WriteAfAlgConfigWithVirtualReg	16	static
../Drivers/BSP/GH3220/Algo_code/goodix_algo_application/src/gh3x2x_demo_algo_config.c:555:6:GH3X2X_WriteBpAlgConfigWithVirtualReg	16	static
../Drivers/BSP/GH3220/Algo_code/goodix_algo_application/src/gh3x2x_demo_algo_config.c:575:6:GH3X2X_ReadAlgorithmConfigWithVirtualReg	24	static
../Drivers/BSP/GH3220/Algo_code/goodix_algo_application/src/gh3x2x_demo_algo_config.c:582:6:GH3X2X_WriteAlgConfigWithVirtualReg	24	static
../Drivers/BSP/GH3220/Algo_code/goodix_algo_application/src/gh3x2x_demo_algo_config.c:622:6:GH3X2X_LoadGoodixAlgoRegConfigArr	32	static
