../Drivers/BSP/src/BLE.c:48:6:param_init	24	static
../Drivers/BSP/src/BLE.c:79:19:AT_Send_Command	16	static
../Drivers/BSP/src/BLE.c:93:9:Check_Connect_Response	8	static
../Drivers/BSP/src/BLE.c:113:19:Bluetooth_Connect_Specified_MAC	48	static
../Drivers/BSP/src/BLE.c:147:19:Bluetooth_Connect_Specified_Name	48	static
../Drivers/BSP/src/BLE.c:185:9:HeartRate_Parser	24	static
../Drivers/BSP/src/BLE.c:234:6:BLE_UART_RxCpltCallback	24	static
../Drivers/BSP/src/BLE.c:283:6:Bluetooth_Init	16	static
../Drivers/BSP/src/BLE.c:314:9:Get_Heart_Rate	4	static
