../Drivers/BSP/src/KEY.c:13:19:KEY_Init	8	static
../Drivers/BSP/src/KEY.c:27:9:KEYB_Read	8	static
../Drivers/BSP/src/KEY.c:36:9:KEYC_Read	8	static
../Drivers/BSP/src/KEY.c:45:9:KEYB_IsPressed	8	static
../Drivers/BSP/src/KEY.c:54:9:KEYC_IsPressed	8	static
../Drivers/BSP/src/KEY.c:63:9:KEYB_IsReleased	8	static
../Drivers/BSP/src/KEY.c:72:9:KEYC_IsReleased	8	static
../Drivers/BSP/src/KEY.c:81:9:KEYB_HasReleased	16	static
../Drivers/BSP/src/KEY.c:92:9:KEYC_HasReleased	16	static
../Drivers/BSP/src/KEY.c:103:6:KEY_Update	16	static
