../Drivers/BSP/src/kml_utils.c:32:6:init_crc_table	24	static
../Drivers/BSP/src/kml_utils.c:49:10:calculate_crc32	24	static
../Drivers/BSP/src/kml_utils.c:60:10:calculateCRC32	16	static
../Drivers/BSP/src/kml_utils.c:72:17:read_uint32_le	16	static
../Drivers/BSP/src/kml_utils.c:79:13:write_uint32_le	16	static
../Drivers/BSP/src/kml_utils.c:89:16:read_int32_le	16	static
../Drivers/BSP/src/kml_utils.c:96:13:write_int32_le	16	static
../Drivers/BSP/src/kml_utils.c:109:9:decode_delta	40	static
../Drivers/BSP/src/kml_utils.c:149:12:read_bytes	32	static
../Drivers/BSP/src/kml_utils.c:161:12:write_buffered	40	static
../Drivers/BSP/src/kml_utils.c:185:12:flush_buffer	32	static
../Drivers/BSP/src/kml_utils.c:204:5:stream_decompress_file	2056	static
../Drivers/BSP/src/kml_utils.c:438:9:kml_open_compressed_file	528	static
../Drivers/BSP/src/kml_utils.c:486:9:kml_process_buffers	144	static
../Drivers/BSP/src/kml_utils.c:530:9:kml_handle_transfer_complete	552	static
../Drivers/BSP/src/kml_utils.c:605:9:kml_init_system	16	static
../Drivers/BSP/src/kml_utils.c:638:9:kml_write_bin_to_sd	24	static
../Drivers/BSP/src/kml_utils.c:653:9:kml_process_completed_transfer	240	static
../Drivers/BSP/src/kml_utils.c:696:6:kml_ble_task_main	160	static
