../Drivers/BSP/src/mahony_ahrs.c:38:14:invSqrt	32	static
../Drivers/BSP/src/mahony_ahrs.c:55:6:Mahony_Init	16	static
../Drivers/BSP/src/mahony_ahrs.c:85:6:Mahony_UpdateIMU	80	static
../Drivers/BSP/src/mahony_ahrs.c:170:6:Mahony_ComputeAngles	8	static
../Drivers/BSP/src/mahony_ahrs.c:186:7:Mahony_GetRoll	8	static
../Drivers/BSP/src/mahony_ahrs.c:197:7:Mahony_GetPitch	8	static
../Drivers/BSP/src/mahony_ahrs.c:208:7:Mahony_GetYaw	8	static
../Drivers/BSP/src/mahony_ahrs.c:219:6:Mahony_GetQuaternion	16	static
../Drivers/BSP/src/mahony_ahrs.c:232:6:Mahony_Reset	4	static
../Drivers/BSP/src/mahony_ahrs.c:249:6:Mahony_SetGains	16	static
