../Drivers/BSP/src/soft_i2c.c:11:13:Soft_I2C_Delay	16	static,ignoring_inline_asm
../Drivers/BSP/src/soft_i2c.c:24:6:Soft_I2C_Init	32	static
../Drivers/BSP/src/soft_i2c.c:43:6:Soft_I2C_Start	8	static
../Drivers/BSP/src/soft_i2c.c:57:6:Soft_I2C_Stop	8	static
../Drivers/BSP/src/soft_i2c.c:69:9:Soft_I2C_WaitAck	16	static
../Drivers/BSP/src/soft_i2c.c:93:6:Soft_I2C_SendAck	16	static
../Drivers/BSP/src/soft_i2c.c:114:6:Soft_I2C_SendByte	24	static
../Drivers/BSP/src/soft_i2c.c:141:9:Soft_I2C_ReceiveByte	24	static
../Drivers/BSP/src/soft_i2c.c:171:9:Soft_I2C_WriteReg	16	static
../Drivers/BSP/src/soft_i2c.c:201:9:Soft_I2C_ReadReg	24	static
../Drivers/BSP/src/soft_i2c.c:237:9:Soft_I2C_ReadMultiBytes	32	static
