../Drivers/BSP/GH3220/Kernel_code/driver/src/gh_drv_config.c:40:6:GhDrvConfigManagerInit	8	static
../Drivers/BSP/GH3220/Kernel_code/driver/src/gh_drv_config.c:45:6:GhDrvConfigManagerGetCurFunctionSupprort	4	static
../Drivers/BSP/GH3220/Kernel_code/driver/src/gh_drv_config.c:59:8:GH3X2X_GetVirtualRegVersion	4	static
../Drivers/BSP/GH3220/Kernel_code/driver/src/gh_drv_config.c:64:6:GH3X2X_InitSensorParameters	4	static
../Drivers/BSP/GH3220/Kernel_code/driver/src/gh_drv_config.c:78:6:GhGetFunctionIdViaVirReg	24	static
../Drivers/BSP/GH3220/Kernel_code/driver/src/gh_drv_config.c:109:5:GH3X2X_DecodeRegCfgArr	32	static
../Drivers/BSP/GH3220/Kernel_code/driver/src/gh_drv_config.c:270:6:GH3X2X_WriteFsConfigWithVirtualReg	24	static
../Drivers/BSP/GH3220/Kernel_code/driver/src/gh_drv_config.c:279:6:GH3X2X_WriteChnlMapConfigWithVirtualReg	24	static
../Drivers/BSP/GH3220/Kernel_code/driver/src/gh_drv_config.c:300:6:GH3X2X_WriteAgcConfigWithVirtualReg	24	static
../Drivers/BSP/GH3220/Kernel_code/driver/src/gh_drv_config.c:329:6:GhConfigSwModuleConfigInfoParmSet	16	static
../Drivers/BSP/GH3220/Kernel_code/driver/src/gh_drv_config.c:360:6:GhConfigSwModuleDumpInit	8	static
../Drivers/BSP/GH3220/Kernel_code/driver/src/gh_drv_config.c:365:6:GhConfigSwModuleDumpParmSet	16	static
../Drivers/BSP/GH3220/Kernel_code/driver/src/gh_drv_config.c:380:6:GhConfigSwModuleFifoInfoParmSet	16	static
../Drivers/BSP/GH3220/Kernel_code/driver/src/gh_drv_config.c:392:6:GhConfigSwModuleGsParmSet	16	static
../Drivers/BSP/GH3220/Kernel_code/driver/src/gh_drv_config.c:452:6:GH3X2X_WriteSwConfigWithVirtualReg	24	static
../Drivers/BSP/GH3220/Kernel_code/driver/src/gh_drv_config.c:614:6:GH3X2X_WriteDrvConfigWithVirtualReg	16	static
../Drivers/BSP/GH3220/Kernel_code/driver/src/gh_drv_config.c:646:6:GH3X2X_WriteFunctionConfigWithVirtualReg	24	static
../Drivers/BSP/GH3220/Kernel_code/driver/src/gh_drv_config.c:676:6:GH3X2X_WriteVirtualReg	16	static
../Drivers/BSP/GH3220/Kernel_code/driver/src/gh_drv_config.c:733:6:GH3X2X_ReadVirtualReg	24	static
../Drivers/BSP/GH3220/Kernel_code/driver/src/gh_drv_config.c:742:6:GH3X2X_CheckChipModel	16	static
../Drivers/BSP/GH3220/Kernel_code/driver/src/gh_drv_config.c:776:5:GH3X2X_LoadNewRegConfigArr	32	static
../Drivers/BSP/GH3220/Kernel_code/driver/src/gh_drv_config.c:838:6:GH3X2X_SetCurrentConfigFlag	16	static
