../Drivers/BSP/GH3220/Kernel_code/driver/src/gh_drv_interface.c:111:6:GH3X2X_SwapLittleBigEndianData	24	static
../Drivers/BSP/GH3220/Kernel_code/driver/src/gh_drv_interface.c:138:6:GH3X2X_DelayUs	24	static
../Drivers/BSP/GH3220/Kernel_code/driver/src/gh_drv_interface.c:170:6:GH3X2X_RegisterDelayUsCallback	16	static
../Drivers/BSP/GH3220/Kernel_code/driver/src/gh_drv_interface.c:188:13:GH3X2X_SpiSendCmd	24	static
../Drivers/BSP/GH3220/Kernel_code/driver/src/gh_drv_interface.c:199:13:GH3X2X_SpiSendCmdHardwareCs	24	static
../Drivers/BSP/GH3220/Kernel_code/driver/src/gh_drv_interface.c:220:13:GH3X2X_SpiWriteReg	24	static
../Drivers/BSP/GH3220/Kernel_code/driver/src/gh_drv_interface.c:238:13:GH3X2X_SpiWriteRegHardwareCs	24	static
../Drivers/BSP/GH3220/Kernel_code/driver/src/gh_drv_interface.c:263:13:GH3X2X_SpiReadReg	24	static
../Drivers/BSP/GH3220/Kernel_code/driver/src/gh_drv_interface.c:285:13:GH3X2X_SpiReadRegHardwareCs	32	static
../Drivers/BSP/GH3220/Kernel_code/driver/src/gh_drv_interface.c:311:13:GH3X2X_SpiReadRegs	24	static
../Drivers/BSP/GH3220/Kernel_code/driver/src/gh_drv_interface.c:333:13:GH3X2X_SpiReadRegsHardwareCs	24	static
../Drivers/BSP/GH3220/Kernel_code/driver/src/gh_drv_interface.c:358:13:GH3X2X_SpiReadFifo	24	static
../Drivers/BSP/GH3220/Kernel_code/driver/src/gh_drv_interface.c:379:13:GH3X2X_SpiReadFifoHardwareCs	24	static
../Drivers/BSP/GH3220/Kernel_code/driver/src/gh_drv_interface.c:401:13:GH3X2X_I2cSendCmd	24	static
../Drivers/BSP/GH3220/Kernel_code/driver/src/gh_drv_interface.c:424:13:GH3X2X_I2cWriteReg	24	static
../Drivers/BSP/GH3220/Kernel_code/driver/src/gh_drv_interface.c:447:13:GH3X2X_I2cReadReg	40	static
../Drivers/BSP/GH3220/Kernel_code/driver/src/gh_drv_interface.c:472:13:GH3X2X_I2cReadRegs	40	static
../Drivers/BSP/GH3220/Kernel_code/driver/src/gh_drv_interface.c:496:13:GH3X2X_I2cReadFifo	40	static
../Drivers/BSP/GH3220/Kernel_code/driver/src/gh_drv_interface.c:517:6:GH3X2X_SendCmd	16	static
../Drivers/BSP/GH3220/Kernel_code/driver/src/gh_drv_interface.c:529:6:GH3X2X_TryWakeUp	16	static
../Drivers/BSP/GH3220/Kernel_code/driver/src/gh_drv_interface.c:552:6:GH3X2X_ClearChipSleepFlag	16	static
../Drivers/BSP/GH3220/Kernel_code/driver/src/gh_drv_interface.c:569:6:GH3X2X_SetChipSleepFlag	16	static
../Drivers/BSP/GH3220/Kernel_code/driver/src/gh_drv_interface.c:575:6:GH3X2X_SetDivZeroFlag	4	static
../Drivers/BSP/GH3220/Kernel_code/driver/src/gh_drv_interface.c:580:6:GH3X2X_ClearDivZeroFlag	4	static
../Drivers/BSP/GH3220/Kernel_code/driver/src/gh_drv_interface.c:600:6:GH3X2X_WriteReg	16	static
../Drivers/BSP/GH3220/Kernel_code/driver/src/gh_drv_interface.c:625:6:GH3X2X_ReadReg	24	static
../Drivers/BSP/GH3220/Kernel_code/driver/src/gh_drv_interface.c:655:6:GH3X2X_ReadRegs	24	static
../Drivers/BSP/GH3220/Kernel_code/driver/src/gh_drv_interface.c:683:6:GH3X2X_ReadFifo	16	static
../Drivers/BSP/GH3220/Kernel_code/driver/src/gh_drv_interface.c:711:6:GH3X2X_WriteRegBitField	32	static
../Drivers/BSP/GH3220/Kernel_code/driver/src/gh_drv_interface.c:743:6:GH3X2X_ReadRegBitField	24	static
../Drivers/BSP/GH3220/Kernel_code/driver/src/gh_drv_interface.c:779:5:GH3X2X_RegisterSpiOperationFunc	32	static
../Drivers/BSP/GH3220/Kernel_code/driver/src/gh_drv_interface.c:805:5:GH3X2X_RegisterSpiHwCsOperationFunc	24	static
../Drivers/BSP/GH3220/Kernel_code/driver/src/gh_drv_interface.c:849:5:GH3X2X_RegisterI2cOperationFunc	32	static
../Drivers/BSP/GH3220/Kernel_code/driver/src/gh_drv_interface.c:888:5:GH3x2xGetChipOperateIndexRealtime	4	static
../Drivers/BSP/GH3220/Kernel_code/driver/src/gh_drv_interface.c:904:6:GH3X2X_RegisterI2cDeviceChip1	16	static
../Drivers/BSP/GH3220/Kernel_code/driver/src/gh_drv_interface.c:909:6:GH3X2X_CascadeOperationMasterChip	4	static
../Drivers/BSP/GH3220/Kernel_code/driver/src/gh_drv_interface.c:914:6:GH3X2X_CascadeOperationSlaverChip	4	static
../Drivers/BSP/GH3220/Kernel_code/driver/src/gh_drv_interface.c:919:6:GH3X2X_CascadeSetLogicMasterChip	16	static
