../Drivers/BSP/GH3220/Algo_code/goodix_algo_application/src/gh3x2x_demo_algo_memory.c:29:6:GH3X2X_MemFree	16	static
../Drivers/BSP/GH3220/Algo_code/goodix_algo_application/src/gh3x2x_demo_algo_memory.c:34:7:GH3X2X_MemMalloc	16	static
../Drivers/BSP/GH3220/Algo_code/goodix_algo_application/src/gh3x2x_demo_algo_memory.c:39:6:Gh3x2xPoolIsNotEnough	4	static
../Drivers/BSP/GH3220/Algo_code/goodix_algo_application/src/gh3x2x_demo_algo_memory.c:158:7:Gh3x2xAlgoMemApply	16	static
../Drivers/BSP/GH3220/Algo_code/goodix_algo_application/src/gh3x2x_demo_algo_memory.c:164:6:Gh3x2xAlgoMemFree	16	static
../Drivers/BSP/GH3220/Algo_code/goodix_algo_application/src/gh3x2x_demo_algo_memory.c:192:5:GH3X2X_AlgoMemConfig	24	static
../Drivers/BSP/GH3220/Algo_code/goodix_algo_application/src/gh3x2x_demo_algo_memory.c:226:5:GH3X2X_AlgoMemInit	16	static
../Drivers/BSP/GH3220/Algo_code/goodix_algo_application/src/gh3x2x_demo_algo_memory.c:269:6:GH3X2X_AlgoMemDeinit	8	static
../Drivers/BSP/GH3220/Algo_code/goodix_algo_application/src/gh3x2x_demo_algo_memory.c:284:5:GH3X2X_GetAlgoMemStatus	4	static
../Drivers/BSP/GH3220/Algo_code/goodix_algo_application/src/gh3x2x_demo_algo_memory.c:289:5:Gh3x2xGetHrAlgoSupportChnl	4	static
../Drivers/BSP/GH3220/Algo_code/goodix_algo_application/src/gh3x2x_demo_algo_memory.c:294:5:Gh3x2xGetSpo2AlgoSupportChnl	4	static
