../Drivers/BSP/GH3220/Algo_code/goodix_algo_call/src/gh3x2x_demo_algo_call_hr.c:18:6:Gh3x2xSetHbaMode	16	static
../Drivers/BSP/GH3220/Algo_code/goodix_algo_call/src/gh3x2x_demo_algo_call_hr.c:23:16:goodix_hba_init_func	216	static
../Drivers/BSP/GH3220/Algo_code/goodix_algo_call/src/gh3x2x_demo_algo_call_hr.c:94:16:goodix_hba_deinit_func	8	static
../Drivers/BSP/GH3220/Algo_code/goodix_algo_call/src/gh3x2x_demo_algo_call_hr.c:99:5:GH3x2xHrAlgoInit	24	static
../Drivers/BSP/GH3220/Algo_code/goodix_algo_call/src/gh3x2x_demo_algo_call_hr.c:123:5:GH3x2xHrAlgoDeinit	24	static
../Drivers/BSP/GH3220/Algo_code/goodix_algo_call/src/gh3x2x_demo_algo_call_hr.c:143:5:GH3x2xHrAlgoExe	224	static
