../Drivers/BSP/src/GH3220.c:4:6:GH3220_I2C_SDA_Output	32	static
../Drivers/BSP/src/GH3220.c:13:6:GH3220_I2C_SDA_Input	32	static
../Drivers/BSP/src/GH3220.c:22:6:GH3220_I2C_SDA_Set	16	static
../Drivers/BSP/src/GH3220.c:27:6:GH3220_I2C_SCL_Set	16	static
../Drivers/BSP/src/GH3220.c:32:5:GH3220_I2C_SDA_Get	8	static
../Drivers/BSP/src/GH3220.c:41:6:GH3220_I2C_Delay	8	static
../Drivers/BSP/src/GH3220.c:46:6:GH3220_I2C_Start	8	static
../Drivers/BSP/src/GH3220.c:58:6:GH3220_I2C_Stop	8	static
../Drivers/BSP/src/GH3220.c:71:5:GH3220_I2C_SendByte	24	static
../Drivers/BSP/src/GH3220.c:95:5:GH3220_I2C_ReceiveByte	24	static
../Drivers/BSP/src/GH3220.c:131:6:hal_gh3220_i2c_init	8	static
../Drivers/BSP/src/GH3220.c:152:5:hal_gh3220_i2c_write	24	static
../Drivers/BSP/src/GH3220.c:188:5:hal_gh3220_i2c_read	40	static
../Drivers/BSP/src/GH3220.c:229:6:hal_gh3220_set	8	static
../Drivers/BSP/src/GH3220.c:233:6:hal_gh3220_reset	8	static
../Drivers/BSP/src/GH3220.c:238:6:hal_gh3220_int_init	32	static
