../Core/USER/APP/Pages/inc/PageBase.h:87:13:PageBase::~PageBase()	16	static
../Core/USER/APP/Pages/inc/PageBase.h:87:13:virtual PageBase::~PageBase()	16	static
../Core/USER/APP/Pages/inc/PageBase.h:90:18:virtual void PageBase::onCustomAttrConfig()	16	static
../Core/USER/APP/Pages/inc/PageBase.h:93:18:virtual void PageBase::onViewLoad()	16	static
../Core/USER/APP/Pages/inc/PageBase.h:96:18:virtual void PageBase::onViewDidLoad()	16	static
../Core/USER/APP/Pages/inc/PageBase.h:99:18:virtual void PageBase::onViewWillAppear()	16	static
../Core/USER/APP/Pages/inc/PageBase.h:102:18:virtual void PageBase::onViewDidAppear()	16	static
../Core/USER/APP/Pages/inc/PageBase.h:105:18:virtual void PageBase::onViewWillDisappear()	16	static
../Core/USER/APP/Pages/inc/PageBase.h:108:18:virtual void PageBase::onViewDidDisappear()	16	static
../Core/USER/APP/Pages/inc/PageBase.h:111:18:virtual void PageBase::onViewUnload()	16	static
../Core/USER/APP/Pages/inc/PageBase.h:114:18:virtual void PageBase::onViewDidUnload()	16	static
../Core/USER/APP/Pages/inc/PageBase.h:25:7:PageBase::PageBase()	16	static
../Core/USER/APP/Pages/Startup/src/Startup.cpp:12:1:Page::Startup::Startup()	16	static
../Core/USER/APP/Pages/Startup/src/Startup.cpp:16:1:Page::Startup::~Startup()	16	static
../Core/USER/APP/Pages/Startup/src/Startup.cpp:16:1:virtual Page::Startup::~Startup()	16	static
../Core/USER/APP/Pages/Startup/src/Startup.cpp:21:6:virtual void Page::Startup::onCustomAttrConfig()	16	static
../Core/USER/APP/Pages/Startup/src/Startup.cpp:27:6:virtual void Page::Startup::onViewLoad()	24	static
../Core/USER/APP/Pages/Startup/src/Startup.cpp:36:6:virtual void Page::Startup::onViewDidLoad()	16	static
../Core/USER/APP/Pages/Startup/src/Startup.cpp:40:6:virtual void Page::Startup::onViewWillAppear()	16	static
../Core/USER/APP/Pages/Startup/src/Startup.cpp:46:6:virtual void Page::Startup::onViewDidAppear()	16	static
../Core/USER/APP/Pages/Startup/src/Startup.cpp:51:6:virtual void Page::Startup::onViewWillDisappear()	16	static
../Core/USER/APP/Pages/Startup/src/Startup.cpp:56:6:virtual void Page::Startup::onViewDidDisappear()	16	static
../Core/USER/APP/Pages/Startup/src/Startup.cpp:61:6:virtual void Page::Startup::onViewUnload()	16	static
../Core/USER/APP/Pages/Startup/src/Startup.cpp:68:6:virtual void Page::Startup::onViewDidUnload()	16	static
../Core/USER/APP/Pages/Startup/src/Startup.cpp:72:6:static void Page::Startup::onTimer(lv_timer_t*)	24	static
../Core/USER/APP/Pages/Startup/src/Startup.cpp:79:6:static void Page::Startup::onEvent(lv_event_t*)	32	static
